==========================================================================
WFLOP GPU CAMPAIGN
CPU / NumPy 2.4.6 (dtype=float64)
batch per objective call : 30 seeds x 30 individuals = 900 layouts
cores available          : 4
worker processes         : 4 (1 BLAS thread(s) each)
wind data set            : 1
algorithms               : GNNLXSSA
regime                   : fixed iterations (100)
manifest                 : results/manifest_ds1_gauss.json
note: the GNN optimizers hold large surrogate tensors; if a worker runs out of
      memory, lower WFLOP_WORKERS.
==========================================================================
groups total 39 | done 0 | pending 39
==========================================================================
[1/39] R1000 T18 GNNLXSSA    best=        4536  group=808.76s  evals/run=2582  elapsed= 13.5min  ETA=512.2min
[2/39] R1000 T17 GNNLXSSA    best=        4061  group=708.68s  evals/run=2517  elapsed= 13.5min  ETA=249.4min
[3/39] R1000 T16 GNNLXSSA    best=        3097  group=612.23s  evals/run=2454  elapsed= 13.5min  ETA=161.8min
[4/39] R1000 T15 GNNLXSSA    best=        2871  group=536.19s  evals/run=2389  elapsed= 13.5min  ETA=118.0min
[5/39] R750 T14 GNNLXSSA    best=        3871  group=463.49s  evals/run=2325  elapsed= 16.7min  ETA=113.3min
[6/39] R1000 T14 GNNLXSSA    best=        2217  group=464.55s  evals/run=2326  elapsed= 17.9min  ETA= 98.7min
[7/39] R750 T13 GNNLXSSA    best=        3125  group=397.84s  evals/run=2262  elapsed= 18.4min  ETA= 84.3min
[8/39] R1000 T13 GNNLXSSA    best=        1555  group=406.23s  evals/run=2261  elapsed= 20.3min  ETA= 78.5min
[9/39] R750 T12 GNNLXSSA    best=        2412  group=333.45s  evals/run=2198  elapsed= 22.2min  ETA= 74.1min
[10/39] R1000 T12 GNNLXSSA    best=        1326  group=335.61s  evals/run=2197  elapsed= 23.5min  ETA= 68.3min
[11/39] R750 T11 GNNLXSSA    best=        1495  group=279.35s  evals/run=2135  elapsed= 23.5min  ETA= 59.9min
[12/39] R1000 T11 GNNLXSSA    best=       860.3  group=275.41s  evals/run=2134  elapsed= 24.8min  ETA= 55.9min
[13/39] R500 T10 GNNLXSSA    best=        2222  group=220.27s  evals/run=2068  elapsed= 25.9min  ETA= 51.8min
[14/39] R750 T10 GNNLXSSA    best=        1139  group=221.82s  evals/run=2071  elapsed= 26.8min  ETA= 47.8min
[15/39] R1000 T10 GNNLXSSA    best=       512.7  group=219.53s  evals/run=2069  elapsed= 27.2min  ETA= 43.5min
[16/39] R500 T 9 GNNLXSSA    best=        1657  group=174.92s  evals/run=2005  elapsed= 27.8min  ETA= 39.9min
[17/39] R750 T 9 GNNLXSSA    best=       691.8  group=171.45s  evals/run=2006  elapsed= 28.7min  ETA= 37.2min
[18/39] R1000 T 9 GNNLXSSA    best=       433.3  group=173.03s  evals/run=2006  elapsed= 29.7min  ETA= 34.6min
[19/39] R500 T 8 GNNLXSSA    best=        1130  group=128.08s  evals/run=1944  elapsed= 29.7min  ETA= 31.2min
[20/39] R750 T 8 GNNLXSSA    best=       436.2  group=133.93s  evals/run=1943  elapsed= 30.0min  ETA= 28.5min
[21/39] R1000 T 8 GNNLXSSA    best=         170  group=131.90s  evals/run=1942  elapsed= 30.9min  ETA= 26.5min
[22/39] R500 T 7 GNNLXSSA    best=         556  group=100.17s  evals/run=1877  elapsed= 31.0min  ETA= 24.0min
[23/39] R750 T 7 GNNLXSSA    best=         211  group= 99.56s  evals/run=1879  elapsed= 31.3min  ETA= 21.8min
[24/39] R1000 T 7 GNNLXSSA    best=       140.7  group=102.30s  evals/run=1877  elapsed= 31.7min  ETA= 19.8min
[25/39] R500 T 6 GNNLXSSA    best=       293.8  group= 72.25s  evals/run=1812  elapsed= 32.2min  ETA= 18.0min
[26/39] R750 T 6 GNNLXSSA    best=       115.9  group= 72.74s  evals/run=1813  elapsed= 32.2min  ETA= 16.1min
[27/39] R1000 T 6 GNNLXSSA    best=        49.1  group= 72.40s  evals/run=1813  elapsed= 32.5min  ETA= 14.5min
[28/39] R500 T 5 GNNLXSSA    best=       141.8  group= 51.32s  evals/run=1751  elapsed= 32.5min  ETA= 12.8min
[29/39] R750 T 5 GNNLXSSA    best=       41.59  group= 49.49s  evals/run=1749  elapsed= 33.0min  ETA= 11.4min
[30/39] R1000 T 5 GNNLXSSA    best=       14.58  group= 49.25s  evals/run=1748  elapsed= 33.0min  ETA=  9.9min
[31/39] R500 T 4 GNNLXSSA    best=       49.02  group= 35.04s  evals/run=1686  elapsed= 33.1min  ETA=  8.5min
[32/39] R750 T 4 GNNLXSSA    best=       9.938  group= 34.33s  evals/run=1686  elapsed= 33.1min  ETA=  7.2min
[33/39] R1000 T 4 GNNLXSSA    best=       5.508  group= 35.46s  evals/run=1684  elapsed= 33.6min  ETA=  6.1min
[34/39] R500 T 3 GNNLXSSA    best=       9.954  group= 24.16s  evals/run=1622  elapsed= 33.6min  ETA=  4.9min
[35/39] R750 T 3 GNNLXSSA    best=       2.252  group= 24.21s  evals/run=1619  elapsed= 33.6min  ETA=  3.8min
[36/39] R1000 T 3 GNNLXSSA    best=      0.7075  group= 23.70s  evals/run=1622  elapsed= 33.6min  ETA=  2.8min
[37/39] R500 T 2 GNNLXSSA    best=        1.17  group= 14.19s  evals/run=1556  elapsed= 33.7min  ETA=  1.8min
[38/39] R750 T 2 GNNLXSSA    best=      0.2471  group= 13.69s  evals/run=1556  elapsed= 33.8min  ETA=  0.9min
[39/39] R1000 T 2 GNNLXSSA    best=     0.08138  group= 13.52s  evals/run=1555  elapsed= 33.8min  ETA=  0.0min
raw results sealed: results/RawResults_ds1_gauss.sha256
==========================================================================
results/RawResults_ds1_gauss.csv saved (1170 rows) in 33.8 min
==========================================================================
